
> tourism-platform@1.0.0 build /Users/sadeshibeshi/tourism-platform
> pnpm -r build

Scope: 10 of 11 workspace projects
apps/admin build$ next build
apps/site-renderer build$ next build
packages/auth build$ tsc
packages/server build$ tsc -p tsconfig.json
apps/admin build:   ▲ Next.js 14.2.5
apps/admin build:    Creating an optimized production build ...
apps/site-renderer build:   ▲ Next.js 14.2.5
apps/site-renderer build:    Creating an optimized production build ...
packages/auth build: Done
packages/tokens build$ node scripts/build-tokens.js
packages/tokens build: ✅ Tokens built successfully
packages/tokens build: Done
packages/ui build$ tsc -p tsconfig.json
packages/server build: Done
packages/ui build: Done
apps/admin build:  ✓ Compiled successfully
apps/admin build:    Skipping linting
apps/admin build:    Checking validity of types ...
apps/site-renderer build:  ✓ Compiled successfully
apps/site-renderer build:    Skipping linting
apps/site-renderer build:    Checking validity of types ...
apps/site-renderer build:    Collecting page data ...
apps/admin build:    Collecting page data ...
apps/site-renderer build:    Generating static pages (0/5) ...
apps/admin build:    Generating static pages (0/5) ...
apps/admin build:    Generating static pages (1/5) 
apps/admin build:    Generating static pages (2/5) 
apps/admin build:    Generating static pages (3/5) 
apps/admin build:  ✓ Generating static pages (5/5)
apps/site-renderer build:    Generating static pages (1/5) 
apps/site-renderer build:    Generating static pages (2/5) 
apps/site-renderer build:    Generating static pages (3/5) 
apps/site-renderer build:  ✓ Generating static pages (5/5)
apps/site-renderer build:    Finalizing page optimization ...
apps/site-renderer build:    Collecting build traces ...
apps/admin build:    Finalizing page optimization ...
apps/admin build:    Collecting build traces ...
apps/site-renderer build: Route (app)                              Size     First Load JS
apps/site-renderer build: ┌ ○ /                                    145 B          87.1 kB
apps/site-renderer build: └ ○ /_not-found                          145 B          87.1 kB
apps/site-renderer build: + First Load JS shared by all            87 kB
apps/site-renderer build:   ├ chunks/14-0688528221f7b2a8.js        31.5 kB
apps/site-renderer build:   ├ chunks/f7ff377e-0c7458d8eb016910.js  53.6 kB
apps/site-renderer build:   └ other shared chunks (total)          1.85 kB
apps/site-renderer build: ○  (Static)  prerendered as static content
apps/admin build: Route (app)                              Size     First Load JS
apps/admin build: ┌ ○ /                                    5.25 kB        92.2 kB
apps/admin build: └ ○ /_not-found                          145 B          87.1 kB
apps/admin build: + First Load JS shared by all            87 kB
apps/admin build:   ├ chunks/14-0688528221f7b2a8.js        31.5 kB
apps/admin build:   ├ chunks/f7ff377e-0c7458d8eb016910.js  53.6 kB
apps/admin build:   └ other shared chunks (total)          1.83 kB
apps/admin build: ○  (Static)  prerendered as static content
apps/site-renderer build: Done
apps/admin build: Done
packages/blocks build$ tsc -p tsconfig.json
packages/blocks build: Done
packages/templates build$ tsc -p tsconfig.json
packages/templates build: Done
apps/tenant-dashboard build$ next build
apps/tenant-dashboard build:   ▲ Next.js 14.2.5
apps/tenant-dashboard build:   - Environments: .env.local
apps/tenant-dashboard build:    Creating an optimized production build ...
apps/tenant-dashboard build:  ✓ Compiled successfully
apps/tenant-dashboard build:    Linting and checking validity of types ...
apps/tenant-dashboard build:  ⚠ The Next.js plugin was not detected in your ESLint configuration. See https://nextjs.org/docs/basic-features/eslint#migrating-existing-config
apps/tenant-dashboard build: ./app/api/trpc/[trpc]/route.ts
apps/tenant-dashboard build: 16:104  Warning: Unexpected any. Specify a different type.  @typescript-eslint/no-explicit-any
apps/tenant-dashboard build: ./app/onboarding/choose-template/page.tsx
apps/tenant-dashboard build: 18:50  Warning: Unexpected any. Specify a different type.  @typescript-eslint/no-explicit-any
apps/tenant-dashboard build: ./app/onboarding/sign-up/page.tsx
apps/tenant-dashboard build: 29:19  Warning: Unexpected any. Specify a different type.  @typescript-eslint/no-explicit-any
apps/tenant-dashboard build: info  - Need to disable some ESLint rules? Learn more here: https://nextjs.org/docs/basic-features/eslint#disabling-rules
apps/tenant-dashboard build:    Collecting page data ...
apps/tenant-dashboard build:    Generating static pages (0/14) ...
apps/tenant-dashboard build:    Generating static pages (3/14) 
apps/tenant-dashboard build:    Generating static pages (6/14) 
apps/tenant-dashboard build:    Generating static pages (10/14) 
apps/tenant-dashboard build:  ✓ Generating static pages (14/14)
apps/tenant-dashboard build:    Finalizing page optimization ...
apps/tenant-dashboard build:    Collecting build traces ...
apps/tenant-dashboard build: Route (app)                              Size     First Load JS
apps/tenant-dashboard build: ┌ ○ /                                    149 B          87.2 kB
apps/tenant-dashboard build: ├ ○ /_not-found                          149 B          87.2 kB
apps/tenant-dashboard build: ├ ○ /api/health                          0 B                0 B
apps/tenant-dashboard build: ├ ƒ /api/trpc/[trpc]                     0 B                0 B
apps/tenant-dashboard build: ├ ○ /api/version                         0 B                0 B
apps/tenant-dashboard build: ├ ○ /onboarding/business-info            970 B            88 kB
apps/tenant-dashboard build: ├ ○ /onboarding/choose-template          1.15 kB        88.2 kB
apps/tenant-dashboard build: ├ ○ /onboarding/choose-theme             999 B            88 kB
apps/tenant-dashboard build: ├ ○ /onboarding/choose-vertical          1.02 kB        88.1 kB
apps/tenant-dashboard build: ├ ○ /onboarding/payment                  972 B            88 kB
apps/tenant-dashboard build: ├ ○ /onboarding/sign-up                  1.08 kB        88.1 kB
apps/tenant-dashboard build: └ ○ /test-trpc                           617 B           103 kB
apps/tenant-dashboard build: + First Load JS shared by all            87 kB
apps/tenant-dashboard build:   ├ chunks/14-f477d147aedbaad1.js        31.5 kB
apps/tenant-dashboard build:   ├ chunks/f7ff377e-68f53c7f7e12e5c1.js  53.6 kB
apps/tenant-dashboard build:   └ other shared chunks (total)          1.9 kB
apps/tenant-dashboard build: ○  (Static)   prerendered as static content
apps/tenant-dashboard build: ƒ  (Dynamic)  server-rendered on demand
apps/tenant-dashboard build: Done
